saikumar@saikumar MINGW32 ~/OneDrive/Desktop/python-tut/update_to_git
$ git --version
git version 2.38.1.windows.1

saikumar@saikumar MINGW32 ~/OneDrive/Desktop/python-tut/update_to_git
$ git status
fatal: not a git repository (or any of the parent directories): .git

saikumar@saikumar MINGW32 ~/OneDrive/Desktop/python-tut/update_to_git
$ git init
Initialized empty Git repository in C:/Users/saiku/OneDrive/Desktop/python-tut/update_to_git/.git/

saikumar@saikumar MINGW32 ~/OneDrive/Desktop/python-tut/update_to_git (master)
$ git status
On branch master

No commits yet

Untracked files:
  (use "git add <file>..." to include in what will be committed)
        git_cmnds.txt

nothing added to commit but untracked files present (use "git add" to track)

saikumar@saikumar MINGW32 ~/OneDrive/Desktop/python-tut/update_to_git (master)
$ git add .

saikumar@saikumar MINGW32 ~/OneDrive/Desktop/python-tut/update_to_git (master)
$ git status
On branch master

No commits yet

Changes to be committed:
  (use "git rm --cached <file>..." to unstage)
        new file:   git_cmnds.txt


saikumar@saikumar MINGW32 ~/OneDrive/Desktop/python-tut/update_to_git (master)
$ git commit -m "version 1"
Author identity unknown

*** Please tell me who you are.

Run

  git config --global user.email "you@example.com"
  git config --global user.name "Your Name"

to set your account's default identity.
Omit --global to set the identity only in this repository.

fatal: unable to auto-detect email address (got 'saikumar@saikumar.(none)')

saikumar@saikumar MINGW32 ~/OneDrive/Desktop/python-tut/update_to_git (master)
$ git config --global user.email "roysudeepa0@gmail.com"

saikumar@saikumar MINGW32 ~/OneDrive/Desktop/python-tut/update_to_git (master)
$ git commit -m "version 1"
Author identity unknown

*** Please tell me who you are.

Run

  git config --global user.email "you@example.com"
  git config --global user.name "Your Name"

to set your account's default identity.
Omit --global to set the identity only in this repository.

fatal: empty ident name (for <roysudeepa0@gmail.com>) not allowed

saikumar@saikumar MINGW32 ~/OneDrive/Desktop/python-tut/update_to_git (master)
$

Changes to be committed:
  (use "git rm --cached <file>..." to unstage)
        new file:   git_cmnds.txt

Untracked files:
  (use "git add <file>..." to include in what will be committed)
        bash_view.txt


saikumar@saikumar MINGW32 ~/OneDrive/Desktop/python-tut/update_to_git (master)
$ git add .

saikumar@saikumar MINGW32 ~/OneDrive/Desktop/python-tut/update_to_git (master)
$ git commit -m "version 1"
[master (root-commit) 5c14ff9] version 1
 2 files changed, 78 insertions(+)
 create mode 100644 bash_view.txt
 create mode 100644 git_cmnds.txt

saikumar@saikumar MINGW32 ~/OneDrive/Desktop/python-tut/update_to_git (master)
$
